{"advice":[],"artifacts":[],"audience":null,"budget_bytes":4096,"context":null,"cost":null,"depth":"unsupported","error":{"code":"UnsupportedSemanticFeature","continuation":null,"data":null,"detail":"no Context Pack compiler is served by this daemon; a pack is compiled from the evidence graph, the property automaton and the correspondence graph, and none of those is wired here","non_resumable_reason":null,"recovery":[],"retryable":false},"evidence_root":"ev_failure1","guarantees":["ReplayPreserving"],"next_operations":[],"omissions":[],"operation":"context.compile","pack":null,"pack_bytes":null,"question":"why did AckImpliesDurable fail?","request_id":"req_cli000001"}
