{"advice":[],"artifacts":[],"audience":null,"budget_bytes":4096,"context":null,"cost":null,"depth":"unsupported","error":{"code":"UnsupportedSemanticFeature","continuation":null,"data":null,"detail":"this daemon holds no candidate order for that evidence root; stage 2's input is a CIR causal order and no subsystem here derives one from an evidence graph","non_resumable_reason":null,"recovery":[],"retryable":false},"evidence_root":"ev_failure1","guarantees":["ReplayPreserving"],"next_operations":[],"omissions":[],"operation":"context.compile","pack":null,"pack_bytes":null,"question":"why did AckImpliesDurable fail?","request_id":"req_cli000001"}
