operation  task.cancel
depth  served
task  task_b023798eb109d9a168a9ff852d956ec536f2933b2b9af8c79a6db85b9d91a8ff
outcome  valid-continuation
record  3
record.status  cancelled
record.continuation  cont_8db8384b3d65609d4dd2adc6af3165f3ed4a04501d997d80bcf9420bb5c61bf8
record.committed_evidence  0
omissions  1
omissions[0].reason  unsupported
omissions[0].subject  task.committed_evidence
omissions[0].recoverable_by  none
next_operations  0
