{"advice":[],"answer_shape":null,"artifacts":[],"budget_states":4,"continuation":null,"cost":null,"depth":"refused","error":{"code":"IdempotencyKeyReused","continuation":null,"data":null,"detail":"this idempotency key was used for a different request","non_resumable_reason":null,"recovery":[],"retryable":false},"next_operations":[],"omissions":[],"operation":"verification.start","portfolio":"interactive","priority_class":null,"request_id":"req_cli000001","result":null,"snapshot":"ws_1765c66f54bb91d058881e34ed7568ea9872e2a609a19754d1371dd38a1606f8","status":null,"target_id":"DieHard","target_kind":"all_claims","task":null,"verdict":null}
