operation  task.resume
depth  served
continuation  cont_cf38adbe87150d45f6132916e319c2c8b76feb3fc5baf692b248c36393e1c9b0
budget_states  64
record  2
record.task  task_506bfbd84b9d72b824c8f7d4834abe0418aab937d4f960f3169fd339494f8cb2
record.status  completed
omissions  1
omissions[0].reason  unsupported
omissions[0].subject  task.committed_evidence
omissions[0].recoverable_by  none
next_operations  0
