{"advice":[],"artifacts":[],"branch":"dbg_branch01","cost":null,"depth":"unsupported","error":{"code":"UnsupportedSemanticFeature","continuation":null,"data":null,"detail":"the request body is not the shape this operation declares","non_resumable_reason":null,"recovery":[],"retryable":false},"next_operations":[],"observer":null,"omissions":[],"operation":"debug.state","request_id":"req_cli000001","state":null,"state_bytes":null}
