operation  task.resume
depth  refused
continuation  cont_8db8384b3d65609d4dd2adc6af3165f3ed4a04501d997d80bcf9420bb5c61bf8
budget_states  64
error.code  StaleSnapshot
error.detail  the snapshot the continuation pinned is not the current sealed snapshot
error.retryable  false
error.recovery  1
error.continuation  none
error.non_resumable_reason  none
error.data  none
error.data.checker  none
error.data.reason  none
error.data.field  none
omissions  0
next_operations  1
