{"advice":[],"artifacts":[],"budget_states":64,"continuation":"cont_04bb84561094e761bbfa0fa9b8e5506dc2936cfb836bc7624af7ab75ccf29cf3","cost":null,"depth":"refused","error":{"code":"StaleSnapshot","continuation":null,"data":null,"detail":"the snapshot the continuation pinned is not the current sealed snapshot","non_resumable_reason":null,"recovery":[{"arguments":{"snapshot":"ws_d7de5ca21333176df678295214bd90c829fd6425ec81cb1269c7fc5bc4960901"},"arguments_bytes":82,"operation":"workspace.seal","rationale":"reseal_lineage_head"}],"retryable":false},"next_operations":[{"arguments":{"snapshot":"ws_d7de5ca21333176df678295214bd90c829fd6425ec81cb1269c7fc5bc4960901"},"arguments_bytes":82,"operation":"workspace.seal","rationale":"reseal_lineage_head"}],"omissions":[],"operation":"task.resume","record":null,"request_id":"req_cli000001"}
