operation  verification.start
depth  served
snapshot  ws_127abf3ab6f4942c519f0b28a56b83a5bdb5f3c1e9a9c3e4b1f377c9fe62fe87
target_kind  all_claims
target_id  DieHard
portfolio  interactive
priority_class  none
budget_states  64
answer_shape  task-shaped
status  task_started
task  task_8d2e30132cac104d66079aa7db780930e2c1090efaa53ee73b80d49e85691560
continuation  none
result.task  none
result.target.kind  none
result.target.id  none
result.fragments  none
result.evidence  none
result.crashpack  none
result.context  none
result.continuation  none
verdict.kind  none
verdict.verdict  none
verdict.inconclusive_reason  none
verdict.assurance_class  none
verdict.decision  none
verdict.outcome  none
verdict.gates  none
omissions  1
omissions[0].reason  unsupported
omissions[0].subject  task.committed_evidence
omissions[0].recoverable_by  none
next_operations  0
