{"advice":[],"artifacts":[{"commitment":null,"handle":"ws_127abf3ab6f4942c519f0b28a56b83a5bdb5f3c1e9a9c3e4b1f377c9fe62fe87","kind":"ws","redacted":null}],"components_files":2,"components_intent":"in_7c579d67c260f5b9f3739359cb76941aed0fa533568b317d5a173844c1267b42","cost":{"bytes":null,"candidates":null,"cpu_ms":null,"memory_bytes":null,"proof_ms":null,"solver_ms":null,"states":null,"tokenizer_id":null,"tokens":null,"wall_ms":null},"depth":"served","diagnostics":[],"error":null,"next_operations":[],"omissions":[],"operation":"workspace.create","overlay":0,"request_id":"req_cli000001","seal":true,"sealed":true,"snapshot":"ws_127abf3ab6f4942c519f0b28a56b83a5bdb5f3c1e9a9c3e4b1f377c9fe62fe87"}
