operation  verification.start
depth  served
snapshot  ws_1765c66f54bb91d058881e34ed7568ea9872e2a609a19754d1371dd38a1606f8
target_kind  all_claims
target_id  DieHard
portfolio  interactive
priority_class  none
budget_states  4
answer_shape  task-shaped
status  task_suspended
task  task_b023798eb109d9a168a9ff852d956ec536f2933b2b9af8c79a6db85b9d91a8ff
continuation  cont_8db8384b3d65609d4dd2adc6af3165f3ed4a04501d997d80bcf9420bb5c61bf8
result.task  none
result.target.kind  none
result.target.id  none
result.fragments  none
result.evidence  none
result.crashpack  none
result.context  none
result.continuation  none
verdict.kind  none
verdict.verdict  none
verdict.inconclusive_reason  none
verdict.assurance_class  none
verdict.decision  none
verdict.outcome  none
verdict.gates  none
omissions  1
omissions[0].reason  unsupported
omissions[0].subject  task.committed_evidence
omissions[0].recoverable_by  none
next_operations  0
