operation  task.status
depth  served
task  task_578cfc118311a41524a01c2a508fdc036800b70587bcb87af235539cdaf06df3
record  14
record.task  task_578cfc118311a41524a01c2a508fdc036800b70587bcb87af235539cdaf06df3
record.operation  verification.start
record.status  suspended
record.snapshot  ws_3bb5468fea316619b5f223c42bb17e6c32c6e7cd1688d9a889a6750efc1990c2
record.intent  in_7c579d67c260f5b9f3739359cb76941aed0fa533568b317d5a173844c1267b42
record.priority_class  interactive
record.budget.wall_ms  none
record.budget.cpu_ms  none
record.budget.memory_bytes  none
record.budget.states  4
record.budget.solver_ms  none
record.budget.proof_ms  none
record.budget.tokens  none
record.budget.candidates  none
record.budget.bytes  none
record.cost.wall_ms  none
record.cost.cpu_ms  none
record.cost.memory_bytes  none
record.cost.states  3
record.cost.solver_ms  none
record.cost.proof_ms  none
record.cost.tokens  none
record.cost.candidates  none
record.cost.bytes  none
record.cost.tokenizer_id  none
record.epochs  7
record.epochs.protocol  3.2
record.epochs.semantic  semantic-1
record.epochs.intent  intent-1
record.epochs.evidence  none
record.epochs.proof  proof-1
record.epochs.corpus  none
record.epochs.engine  engine-reference-1
record.failed_reason  none
record.continuation  cont_04bb84561094e761bbfa0fa9b8e5506dc2936cfb836bc7624af7ab75ccf29cf3
record.non_resumable_reason  none
record.milestones  2
record.milestones[0].name  exploration.bounded
record.milestones[0].at  2026-08-01T00:00:00.000Z
record.milestones[1].name  checking.complete
record.milestones[1].at  2026-08-01T00:00:00.000Z
record.committed_evidence  0
omissions  1
omissions[0].reason  unsupported
omissions[0].subject  task.committed_evidence
omissions[0].recoverable_by  none
next_operations  0
