{"advice":[],"artifacts":[{"commitment":"task_ffa2e930369b4af0a4ef44c7e7a04b3dc3d8a7ec2a8d75b6ad91000dc6b1abfb","handle":"task_b023798eb109d9a168a9ff852d956ec536f2933b2b9af8c79a6db85b9d91a8ff","kind":"task","redacted":null}],"cost":{"bytes":null,"candidates":null,"cpu_ms":null,"memory_bytes":null,"proof_ms":null,"solver_ms":null,"states":null,"tokenizer_id":null,"tokens":null,"wall_ms":null},"depth":"served","error":null,"next_operations":[],"omissions":[{"reason":"unsupported","recoverable_by":null,"subject":"task.committed_evidence"}],"operation":"task.cancel","outcome":"valid-continuation","record":{"committed_evidence":[],"continuation":"cont_8db8384b3d65609d4dd2adc6af3165f3ed4a04501d997d80bcf9420bb5c61bf8","status":"cancelled"},"request_id":"req_cli000001","task":"task_b023798eb109d9a168a9ff852d956ec536f2933b2b9af8c79a6db85b9d91a8ff"}
