{"advice":[],"artifacts":[],"budget_states":64,"continuation":"cont_8db8384b3d65609d4dd2adc6af3165f3ed4a04501d997d80bcf9420bb5c61bf8","cost":null,"depth":"refused","error":{"code":"StaleSnapshot","continuation":null,"data":null,"detail":"the snapshot the continuation pinned is not the current sealed snapshot","non_resumable_reason":null,"recovery":[{"arguments":{"snapshot":"ws_48699130ec6f62b06f61ea11f6d608bca9c4703a5dbfbd6a1413bb94ae661180"},"arguments_bytes":82,"operation":"workspace.seal","rationale":"reseal_lineage_head"}],"retryable":false},"next_operations":[{"arguments":{"snapshot":"ws_48699130ec6f62b06f61ea11f6d608bca9c4703a5dbfbd6a1413bb94ae661180"},"arguments_bytes":82,"operation":"workspace.seal","rationale":"reseal_lineage_head"}],"omissions":[],"operation":"task.resume","record":null,"request_id":"req_cli000001"}
