operation  task.status
depth  served
task  task_b023798eb109d9a168a9ff852d956ec536f2933b2b9af8c79a6db85b9d91a8ff
record  14
record.task  task_b023798eb109d9a168a9ff852d956ec536f2933b2b9af8c79a6db85b9d91a8ff
record.operation  verification.start
record.status  suspended
record.snapshot  ws_1765c66f54bb91d058881e34ed7568ea9872e2a609a19754d1371dd38a1606f8
record.intent  in_7c579d67c260f5b9f3739359cb76941aed0fa533568b317d5a173844c1267b42
record.priority_class  interactive
record.budget.wall_ms  none
record.budget.cpu_ms  none
record.budget.memory_bytes  none
record.budget.states  4
record.budget.solver_ms  none
record.budget.proof_ms  none
record.budget.tokens  none
record.budget.candidates  none
record.budget.bytes  none
record.cost.wall_ms  none
record.cost.cpu_ms  none
record.cost.memory_bytes  none
record.cost.states  3
record.cost.solver_ms  none
record.cost.proof_ms  none
record.cost.tokens  none
record.cost.candidates  none
record.cost.bytes  none
record.cost.tokenizer_id  none
record.epochs  7
record.epochs.protocol  3.2
record.epochs.semantic  semantic-1
record.epochs.intent  intent-1
record.epochs.evidence  none
record.epochs.proof  proof-1
record.epochs.corpus  none
record.epochs.engine  engine-reference-1
record.failed_reason  none
record.continuation  cont_8db8384b3d65609d4dd2adc6af3165f3ed4a04501d997d80bcf9420bb5c61bf8
record.non_resumable_reason  none
record.milestones  2
record.milestones[0].name  exploration.bounded
record.milestones[0].at  2026-08-01T00:00:00.000Z
record.milestones[1].name  checking.complete
record.milestones[1].at  2026-08-01T00:00:00.000Z
record.committed_evidence  0
omissions  1
omissions[0].reason  unsupported
omissions[0].subject  task.committed_evidence
omissions[0].recoverable_by  none
next_operations  0
