{"advice":[],"artifacts":[],"budget_states":64,"continuation":"cont_04bb84561094e761bbfa0fa9b8e5506dc2936cfb836bc7624af7ab75ccf29cf3","cost":null,"depth":"refused","error":{"code":"StaleSnapshot","continuation":null,"detail":"the snapshot the continuation pinned is not the current sealed snapshot","non_resumable_reason":null,"recovery":[],"retryable":false},"next_operations":[],"omissions":[],"operation":"task.resume","record":null,"request_id":"req_cli000001"}
